Residue conformations -------------------------------------------
A5 : U C4p_exo anti
A6 : G C3p_endo syn
A7 : G O4p_endo anti
A8 : A C2p_endo anti
A9 : G C3p_endo anti
A10 : A C3p_endo anti
A11 : G C3p_endo anti
A12 : U C3p_endo anti
A13 : U C2p_endo anti
A14 : U C3p_endo anti
A15 : G C3p_endo anti
A16 : A C3p_endo anti
A17 : U C3p_endo anti
A18 : C C3p_endo anti
A19 : C C3p_endo anti
A20 : U C3p_endo anti
A21 : G C3p_endo anti
A22 : G C3p_endo anti
A23 : C C3p_endo anti
A24 : U C3p_endo anti
A25 : C C3p_endo anti
A26 : A C3p_endo anti
A27 : G C3p_endo anti
A28 : G C3p_endo anti
A29 : G C3p_endo anti
A30 : U C2p_endo anti
A31 : G C2p_endo anti
A32 : A C3p_endo anti
A33 : A C3p_endo anti
A34 : C C3p_endo anti
A35 : G C3p_endo anti
A36 : C C3p_endo anti
A37 : U C3p_endo anti
A38 : G C3p_endo anti
A39 : G C3p_endo anti
A40 : C C3p_endo anti
A41 : G C3p_endo anti
A42 : G C3p_endo anti
A43 : C C3p_endo anti
A44 : G C3p_endo anti
A45 : U C3p_endo anti
A46 : G C3p_endo anti
A47 : C C2p_endo anti
A48 : C C2p_endo anti
A49 : U C2p_endo anti
A50 : A C2p_endo anti
A51 : A C4p_exo anti
A52 : G C3p_endo anti
A53 : A C3p_endo anti
A54 : C C3p_endo anti
A55 : A C3p_endo anti
A56 : U C3p_endo anti
A57 : G C3p_endo anti
A58 : C C3p_endo anti
A59 : A C3p_endo anti
A60 : A C1p_exo anti
A61 : G C3p_endo anti
A62 : U C3p_endo anti
A63 : C C3p_endo anti
A64 : G C2p_endo syn
A65 : U C2p_endo anti
A66 : G C3p_endo anti
A67 : C C3p_endo anti
A68 : G C3p_endo anti
A69 : G C3p_endo anti
A70 : G C3p_endo anti
A73 : C C3p_endo anti
A74 : C C3p_endo anti
A75 : G C3p_endo anti
A76 : C C3p_endo anti
A77 : G C3p_endo anti
A78 : G C3p_endo anti
A79 : G C3p_endo anti
A80 : G C3p_endo anti
A81 : U C3p_endo anti
A82 : U C3p_endo anti
A83 : U C3p_endo anti
A84 : U C3p_endo anti
A88 : A C3p_endo anti
A89 : C C3p_endo anti
A90 : U C3p_endo anti
A91 : C C3p_endo anti
A92 : C C3p_endo anti
A93 : G C3p_endo anti
A95 : U C3p_endo anti
A96 : G C3p_endo anti
A97 : G C3p_endo anti
A98 : U C3p_endo anti
A99 : C C3p_endo anti
A101 : A C3p_endo anti
A102 : G C3p_endo anti
A103 : C C3p_endo anti
A104 : G C3p_endo anti
A105 : G C4p_exo anti
A106 : C C3p_endo anti
A107 : G C3p_endo anti
A108 : G C3p_endo syn
A109 : A C2p_endo syn
A110 : C C3p_endo anti
A111 : G C3p_endo anti
A112 : G C3p_endo anti
A113 : G C3p_endo anti
A114 : U C3p_endo anti
A115 : G C2p_endo anti
A116 : A C3p_endo anti
A117 : G C3p_endo anti
A118 : U C3p_endo anti
A119 : A C4p_exo anti
A120 : A C3p_endo syn
A121 : C C2p_endo anti
A122 : G C3p_endo anti
A123 : C C3p_endo anti
A124 : G C3p_endo anti
A125 : U C3p_endo anti
A126 : G C3p_endo anti
A127 : G C3p_endo anti
A128 : G C3p_endo anti
A129 : U C3p_endo anti
A129.A : G C4p_exo anti
A130 : A C2p_endo anti
A131 : C C3p_endo anti
A132 : C C3p_endo anti
A133 : U C3p_endo anti
A134 : A C3p_endo anti
A135 : C C3p_endo anti
A136 : C C3p_endo anti
A137 : C C3p_endo anti
A138 : G C3p_endo anti
A139 : G C3p_endo anti
A140 : A C3p_endo anti
A141 : A C3p_endo anti
A142 : G C3p_endo anti
A143 : A C3p_endo anti
A144 : G C3p_endo anti
A145 : G C3p_endo anti
A146 : G C3p_endo anti
A147 : G C3p_endo anti
A148 : G C3p_endo anti
A149 : A C3p_endo anti
A150 : C C3p_endo anti
A151 : A C3p_endo anti
A152 : A C3p_endo anti
A153 : C C3p_endo anti
A154 : C C3p_endo anti
A155 : C C3p_endo anti
A156 : G C3p_endo anti
A157 : G C3p_endo anti
A158 : G C3p_endo anti
A159 : G C3p_endo anti
A160 : A C3p_endo anti
A161 : A C3p_endo anti
A162 : A C3p_endo anti
A163 : C C3p_endo anti
A164 : U C3p_endo anti
A165 : C C3p_endo anti
A166 : G C3p_endo anti
A167 : G C3p_endo anti
A168 : G C3p_endo anti
A169 : C C4p_exo anti
A170 : U C3p_endo anti
A171 : A C3p_endo anti
A172 : A C3p_endo anti
A173 : U C2p_endo anti
A174 : C C3p_endo anti
A175 : C C3p_endo anti
A176 : C C3p_endo anti
A177 : C C3p_endo anti
A178 : C C3p_endo anti
A179 : A C3p_endo anti
A180 : U C3p_endo anti
A181 : G C2p_endo anti
A182 : U C3p_endo anti
A183 : G C3p_endo anti
A184 : G C3p_endo anti
A185 : A C3p_endo anti
A186 : C C3p_endo anti
A187 : C C3p_endo anti
A188 : C C3p_endo anti
A189 : G C3p_endo anti
A190 : C C3p_endo anti
A190.A : C C3p_endo anti
A190.B : C C3p_endo anti
A190.C : C C3p_endo anti
A190.D : U C2p_endo anti
A190.E : U C2p_endo anti
A190.F : G C2p_endo anti
A190.G : G C3p_endo anti
A190.H : G C3p_endo anti
A190.I : G C3p_endo anti
A190.J : U C3p_endo anti
A190.K : G C3p_endo anti
A190.L : U C3p_endo anti
A191 : G C3p_endo unknown
Adjacent stackings ----------------------------------------------
A9-A10 : adjacent_5p upward 
A10-A11 : adjacent_5p upward 
A11-A12 : adjacent_5p upward 
A15-A16 : adjacent_5p upward 
A16-A17 : adjacent_5p upward 
A17-A18 : adjacent_5p upward 
A18-A19 : adjacent_5p upward 
A19-A20 : adjacent_5p upward 
A20-A21 : adjacent_5p upward 
A21-A22 : adjacent_5p upward 
A22-A23 : adjacent_5p upward 
A23-A24 : adjacent_5p upward 
A27-A28 : adjacent_5p upward 
A28-A29 : adjacent_5p upward 
A29-A30 : adjacent_5p upward 
A32-A33 : adjacent_5p upward 
A33-A34 : adjacent_5p upward 
A34-A35 : adjacent_5p upward 
A35-A36 : adjacent_5p upward 
A36-A37 : adjacent_5p upward 
A37-A38 : adjacent_5p upward 
A39-A40 : adjacent_5p upward 
A41-A42 : adjacent_5p upward 
A42-A43 : adjacent_5p upward 
A43-A44 : adjacent_5p upward 
A44-A45 : adjacent_5p upward 
A52-A53 : adjacent_5p upward 
A53-A54 : adjacent_5p upward 
A55-A56 : adjacent_5p upward 
A57-A58 : adjacent_5p upward 
A58-A59 : adjacent_5p upward 
A61-A62 : adjacent_5p upward 
A66-A67 : adjacent_5p upward 
A68-A69 : adjacent_5p upward 
A69-A70 : adjacent_5p upward 
A70-A73 : adjacent_5p upward 
A73-A74 : adjacent_5p upward 
A75-A76 : adjacent_5p upward 
A77-A78 : adjacent_5p upward 
A78-A79 : adjacent_5p upward 
A79-A80 : adjacent_5p upward 
A82-A83 : adjacent_5p upward 
A83-A84 : adjacent_5p upward 
A84-A88 : adjacent_5p upward 
A88-A89 : adjacent_5p upward 
A89-A90 : adjacent_5p upward 
A93-A95 : adjacent_5p upward 
A96-A97 : adjacent_5p upward 
A97-A98 : adjacent_5p upward 
A99-A101 : adjacent_5p upward 
A101-A102 : adjacent_5p upward 
A102-A103 : adjacent_5p upward 
A103-A104 : adjacent_5p upward 
A104-A105 : adjacent_5p upward 
A105-A106 : adjacent_5p upward 
A106-A107 : adjacent_5p upward 
A110-A111 : adjacent_5p upward 
A112-A113 : adjacent_5p upward 
A113-A114 : adjacent_5p upward 
A114-A115 : adjacent_5p upward 
A116-A117 : adjacent_5p upward 
A117-A118 : adjacent_5p upward 
A122-A123 : adjacent_5p upward 
A123-A124 : adjacent_5p upward 
A124-A125 : adjacent_5p upward 
A125-A126 : adjacent_5p upward 
A126-A127 : adjacent_5p upward 
A127-A128 : adjacent_5p upward 
A128-A129 : adjacent_5p upward 
A132-A133 : adjacent_5p upward 
A134-A135 : adjacent_5p upward 
A138-A139 : adjacent_5p upward 
A139-A140 : adjacent_5p upward 
A140-A141 : adjacent_5p upward 
A141-A142 : adjacent_5p upward 
A142-A143 : adjacent_5p upward 
A144-A145 : adjacent_5p upward 
A145-A146 : adjacent_5p upward 
A146-A147 : adjacent_5p upward 
A147-A148 : adjacent_5p upward 
A148-A149 : adjacent_5p upward 
A149-A150 : adjacent_5p upward 
A151-A152 : adjacent_5p upward 
A152-A153 : adjacent_5p upward pairing 
A153-A154 : adjacent_5p upward 
A154-A155 : adjacent_5p upward 
A156-A157 : adjacent_5p upward 
A157-A158 : adjacent_5p upward 
A158-A159 : adjacent_5p upward 
A160-A161 : adjacent_5p upward 
A161-A162 : adjacent_5p upward 
A163-A164 : adjacent_5p upward 
A166-A167 : adjacent_5p upward 
A167-A168 : adjacent_5p upward 
A168-A169 : adjacent_5p upward 
A169-A170 : adjacent_5p upward 
A171-A172 : adjacent_5p upward 
A178-A179 : adjacent_5p upward 
A179-A180 : adjacent_5p upward 
A183-A184 : adjacent_5p upward 
A184-A185 : adjacent_5p upward 
A185-A186 : adjacent_5p upward 
A187-A188 : adjacent_5p upward 
A189-A190 : adjacent_5p upward 
A190-A190.A : adjacent_5p upward 
A190.A-A190.B : adjacent_5p upward 
A190.B-A190.C : adjacent_5p upward 
A190.C-A190.D : adjacent_5p upward 
A190.G-A190.H : adjacent_5p upward 
A190.H-A190.I : adjacent_5p upward 
A190.I-A190.J : adjacent_5p upward 
A190.K-A190.L : adjacent_5p upward 
Non-Adjacent stackings ------------------------------------------
A9-A26 : outward 
A51-A116 : upward 
A61-A107 : outward 
A68-A102 : outward 
A75-A96 : outward 
A77-A93 : outward 
A78-A92 : outward 
A79-A91 : outward 
A120-A122 : upward 
A129.A-A190.G : outward 
A144-A179 : outward 
A156-A166 : outward 
A157-A165 : outward 
A172-A174 : upward 
A189-A190.K : outward 
Number of stackings = 127
Number of adjacent stackings = 112
Number of non adjacent stackings = 15
Base-pairs ------------------------------------------------------
A5-A6 : U-G O2'/Ss adjacent_5p pairing 
A9-A25 : G-C Ww/Ww pairing antiparallel cis XIX 
A10-A24 : A-U Ww/Ww pairing antiparallel cis XX 
A11-A23 : G-C Ww/Ww pairing antiparallel cis XIX 
A12-A22 : U-G Ws/Ww pairing antiparallel cis XXVIII 
A13-A20 : U-U Hw/Ww pairing antiparallel trans one_hbond 81 
A14-A16 : U-A O2'/Hh pairing 
A14-A17 : U-U Ww/O2P pairing 
A31-A48 : G-C O2'/Bh Bs/O2P pairing 
A51-A114 : A-U Hh/O2' pairing 
A60-A107 : A-G Ss/Ss Ww/O2' pairing parallel trans one_hbond 
A61-A106 : G-C Ww/Ww pairing antiparallel cis XIX 
A62-A105 : U-G Ws/Ww pairing antiparallel cis XXVIII 
A63-A104 : C-G Ww/Ww pairing antiparallel cis XIX 
A64-A68 : G-G Ww/Hh pairing parallel cis VI 
A66-A103 : G-C Ww/Ww pairing antiparallel cis XIX 
A66-A172 : G-A Sw/Ss pairing antiparallel cis one_hbond 
A67-A102 : C-G Ww/Ww pairing antiparallel cis XIX 
A67-A171 : C-A Ss/Bs O2'/Ss pairing antiparallel cis one_hbond 
A68-A101 : G-A Ww/Ww pairing antiparallel cis VIII 
A68-A152 : G-A Sw/Ss pairing parallel trans one_hbond 57 
A69-A99 : G-C Ww/Ww pairing antiparallel cis XIX 
A70-A98 : G-U Ww/Ws pairing antiparallel cis XXVIII 
A73-A97 : C-G Ww/Ww pairing antiparallel cis XIX 
A74-A96 : C-G Ww/Ww pairing antiparallel cis XIX 
A75-A95 : G-U Ww/Ws pairing antiparallel cis XXVIII 
A76-A93 : C-G Ww/Ww pairing antiparallel cis XIX 
A77-A92 : G-C Ww/Ww pairing antiparallel cis XIX 
A78-A91 : G-C Ww/Ww pairing antiparallel cis XIX 
A79-A90 : G-U Ww/Ws pairing antiparallel cis XXVIII 
A80-A89 : G-C Ww/Ww pairing antiparallel cis XIX 
A102-A151 : G-A Ss/Ww O2'/Ss pairing antiparallel cis 55 
A103-A172 : C-A O2'/Ww pairing 
A115-A117 : G-G Sw/Wh pairing parallel cis one_hbond 114 
A129.A-A190.F : G-G Bs/O2P pairing 
A131-A190.F : C-G O2P/Bs pairing 
A133-A134 : U-A O2'/Hh adjacent_5p pairing 
A144-A178 : G-C Ww/Ww pairing antiparallel cis XIX 
A145-A177 : G-C Ww/Ww pairing antiparallel cis XIX 
A146-A176 : G-C Ww/Ww pairing antiparallel cis XIX 
A147-A175 : G-C Ww/Ww pairing antiparallel cis XIX 
A148-A174 : G-C Ww/Ww pairing antiparallel cis XIX 
A149-A172 : A-A Ww/Hh pairing antiparallel trans V 
A150-A171 : C-A Ww/Hh pairing antiparallel trans XXV 
A151-A170 : A-U Hh/Ws pairing antiparallel trans XXIV 
A152-A153 : A-C O2P/Bh adjacent_5p upward pairing 
A152-A169 : A-C Hh/Ww pairing antiparallel trans XXV 
A153-A168 : C-G Ww/Ww pairing antiparallel cis XIX 
A154-A167 : C-G Ww/Ww pairing antiparallel cis XIX 
A155-A166 : C-G Ww/Ww pairing antiparallel cis XIX 
A156-A165 : G-C Ww/Ww pairing antiparallel cis XIX 
A157-A164 : G-U Ww/Ws pairing antiparallel cis XXVIII 
A158-A163 : G-C Ww/Ww pairing antiparallel cis 
A159-A161 : G-A O2'/Bh O2'/Hh Ss/O2P pairing 
A159-A162 : G-A Bs/O2P pairing 
A181-A182 : G-U Sw/Hw adjacent_5p pairing parallel cis one_hbond 89 
A181-A183 : G-G O2'/Hh pairing 
A182-A183 : U-G O2P/Hh adjacent_5p pairing 
A187-A190.L : C-U Wh/Wh pairing antiparallel cis one_hbond 
A188-A190.K : C-G Ww/Ww pairing antiparallel cis XIX 
A189-A190.J : G-U Ww/Ws pairing antiparallel cis XXVIII 
A190-A190.I : C-G Ww/Ww pairing antiparallel cis XIX 
A190.A-A190.H : C-G Ww/Ww pairing antiparallel cis XIX 
A190.B-A190.G : C-G Ww/Ww pairing antiparallel cis XIX
