Residue conformations -------------------------------------------
Y17 : U C2p_exo anti
Adjacent stackings ----------------------------------------------
Non-Adjacent stackings ------------------------------------------
Number of stackings = 0
Number of adjacent stackings = 0
Number of non adjacent stackings = 0
Base-pairs ------------------------------------------------------
