Residue conformations -------------------------------------------
A1 : G C2p_exo anti
A2 : U C3p_endo anti
A3 : A C3p_endo anti
A4 : U C3p_endo anti
A5 : U C3p_endo anti
A6 : A C3p_endo anti
A7 : G C2p_endo anti
A8 : A C2p_endo syn
A9 : U C2p_endo anti
A10 : G C3p_endo anti
A11 : A C3p_endo anti
A12 : C C3p_endo anti
A13 : U C3p_endo anti
A14 : A C3p_endo anti
A15 : U C2p_endo anti
A16 : A C3p_endo anti
A17 : A C3p_endo anti
A18 : A C3p_endo anti
A19 : A C2p_exo anti
A20 : C C3p_endo anti
A21 : C C3p_endo anti
A22 : U C3p_endo anti
A23 : G C2p_exo anti
A24 : G C3p_endo anti
A25 : G C3p_endo anti
A26 : U C3p_endo anti
A27 : G C3p_endo anti
A28 : U C3p_endo anti
A29 : G C3p_endo anti
A30 : U C3p_endo anti
A31 : U C2p_endo syn
A32 : U C2p_exo anti
A33 : G C3p_endo anti
A34 : U C3p_endo anti
A35 : A C3p_endo anti
A36 : G C3p_endo anti
A37 : C C3p_endo anti
A38 : C C3p_endo anti
A39 : U C3p_endo anti
A40 : U C3p_endo anti
A41 : C C3p_endo anti
A42 : A C2p_endo syn
A43 : C C3p_endo anti
A44 : A C3p_endo anti
A45 : A C2p_exo anti
A46 : G C3p_endo anti
A47 : G C3p_endo anti
A48 : G C3p_endo anti
A49 : A C3p_endo anti
A50 : A C3p_endo anti
A51 : C C2p_exo anti
A52 : G C3p_endo anti
A53 : C C3p_endo anti
A54 : U C3p_endo anti
A55 : A C3p_endo anti
A56 : A C3p_endo anti
A57 : C C3p_endo anti
A58 : U C3p_endo anti
A59 : U C2p_endo anti
A60 : A C2p_exo anti
A61 : U C3p_endo anti
A62 : U C3p_endo anti
A63 : C C3p_endo anti
A64 : G C3p_endo anti
A65 : A C3p_endo anti
A66 : G C3p_endo anti
A67 : A C3p_endo anti
A68 : C C3p_endo anti
A69 : A C3p_endo anti
A70 : C C3p_endo anti
A71 : U C3p_endo anti
A72 : A C3p_endo anti
A73 : G C3p_endo anti
A74 : U C3p_endo anti
A75 : U C3p_endo anti
A76 : U C3p_endo anti
A77 : C C3p_endo anti
A78 : A C3p_endo anti
A79 : U C3p_endo anti
A80 : U C3p_endo anti
A81 : U C3p_endo anti
A82 : C C3p_endo anti
A83 : C C3p_endo anti
A84 : A C3p_endo anti
A85 : G C3p_endo anti
A86 : C C3p_endo anti
A87 : A C3p_endo anti
A88 : U C3p_endo anti
A89 : G C3p_endo anti
A90 : A C3p_endo anti
A91 : C C3p_endo anti
A92 : U C3p_endo anti
A93 : C C3p_endo anti
A94 : A C3p_endo anti
A95 : C C2p_exo anti
A96 : C C3p_endo anti
A97 : G C3p_endo anti
A98 : C C3p_endo anti
A99 : C C3p_endo anti
A100 : C C3p_endo anti
A101 : G C3p_endo anti
A102 : G C3p_endo anti
A103 : A C2p_endo anti
A104 : C C3p_endo anti
A105 : A C3p_endo anti
A106 : C C3p_endo anti
A107 : U C3p_endo anti
A108 : G C3p_endo anti
A109 : G C3p_endo anti
A110 : G C3p_endo anti
A111 : C C3p_endo anti
A112 : U C3p_endo anti
A113 : G C3p_endo anti
A114 : C C3p_endo anti
A115 : A C2p_exo anti
A116 : C C3p_endo anti
A117 : A C3p_endo anti
A118 : U C3p_endo anti
A119 : G C3p_endo anti
A120 : C C3p_endo anti
A121 : G C3p_endo anti
A122 : U C3p_endo anti
A123 : G C3p_endo anti
A124 : C C3p_endo anti
A125 : C C3p_endo anti
A126 : C C3p_endo anti
A127 : C C3p_endo anti
A128 : A C3p_endo anti
A129 : C C2p_endo anti
A130 : G C3p_endo anti
A131 : G C3p_endo anti
A132 : G C3p_endo anti
A133 : A C3p_endo anti
A134 : U C3p_endo anti
A135 : A C3p_endo anti
A136 : A C3p_endo anti
A137 : U C3p_endo anti
A138 : U C3p_endo anti
A139 : U C3p_endo anti
A140 : C C3p_endo anti
A141 : C C3p_endo anti
A142 : A C3p_endo anti
A143 : C C3p_endo anti
A144 : U C3p_endo anti
A145 : U C3p_endo anti
A146 : C C3p_endo anti
A147 : G C3p_endo anti
A148 : A C3p_endo anti
A149 : G C3p_endo anti
A150 : G C3p_endo anti
A151 : A C3p_endo anti
A152 : C C3p_endo anti
A153 : C C3p_endo anti
A154 : A C3p_endo anti
A155 : G C2p_exo anti
A156 : C C3p_endo anti
A157 : U C3p_endo anti
A158 : G C3p_endo anti
A159 : C C3p_endo anti
A160 : U C3p_endo anti
Adjacent stackings ----------------------------------------------
A5-A6 : adjacent_5p upward 
A6-A7 : adjacent_5p upward 
A11-A12 : adjacent_5p upward 
A12-A13 : adjacent_5p upward 
A16-A17 : adjacent_5p upward 
A17-A18 : adjacent_5p upward 
A18-A19 : adjacent_5p upward 
A19-A20 : adjacent_5p upward 
A20-A21 : adjacent_5p upward 
A21-A22 : adjacent_5p upward 
A23-A24 : adjacent_5p upward 
A24-A25 : adjacent_5p upward 
A25-A26 : adjacent_5p upward 
A26-A27 : adjacent_5p upward 
A27-A28 : adjacent_5p upward 
A28-A29 : adjacent_5p upward 
A29-A30 : adjacent_5p upward 
A33-A34 : adjacent_5p upward 
A34-A35 : adjacent_5p upward 
A35-A36 : adjacent_5p upward 
A36-A37 : adjacent_5p upward 
A38-A39 : adjacent_5p upward 
A39-A40 : adjacent_5p upward 
A40-A41 : adjacent_5p upward 
A45-A46 : adjacent_5p upward 
A47-A48 : adjacent_5p upward 
A48-A49 : adjacent_5p upward 
A49-A50 : adjacent_5p upward 
A50-A51 : adjacent_5p upward 
A52-A53 : adjacent_5p upward 
A53-A54 : adjacent_5p upward 
A54-A55 : adjacent_5p upward 
A56-A57 : adjacent_5p upward 
A57-A58 : adjacent_5p upward 
A58-A59 : adjacent_5p upward 
A60-A61 : adjacent_5p upward 
A62-A63 : adjacent_5p upward 
A64-A65 : adjacent_5p upward 
A65-A66 : adjacent_5p upward 
A66-A67 : adjacent_5p upward 
A67-A68 : adjacent_5p upward 
A68-A69 : adjacent_5p upward 
A71-A72 : adjacent_5p upward 
A73-A74 : adjacent_5p upward 
A74-A75 : adjacent_5p upward 
A76-A77 : adjacent_5p upward 
A77-A78 : adjacent_5p upward 
A78-A79 : adjacent_5p upward 
A79-A80 : adjacent_5p upward 
A81-A82 : adjacent_5p upward 
A83-A84 : adjacent_5p upward 
A85-A86 : adjacent_5p upward 
A86-A87 : adjacent_5p upward 
A87-A88 : adjacent_5p upward 
A88-A89 : adjacent_5p upward 
A92-A93 : adjacent_5p upward 
A93-A94 : adjacent_5p upward 
A97-A98 : adjacent_5p upward 
A98-A99 : adjacent_5p upward 
A99-A100 : adjacent_5p upward 
A101-A102 : adjacent_5p upward 
A106-A107 : adjacent_5p upward 
A107-A108 : adjacent_5p upward 
A108-A109 : adjacent_5p upward 
A109-A110 : adjacent_5p upward 
A110-A111 : adjacent_5p upward 
A111-A112 : adjacent_5p upward 
A112-A113 : adjacent_5p upward 
A113-A114 : adjacent_5p upward 
A115-A116 : adjacent_5p upward 
A116-A117 : adjacent_5p upward 
A117-A118 : adjacent_5p upward 
A118-A119 : adjacent_5p upward 
A119-A120 : adjacent_5p upward 
A121-A122 : adjacent_5p upward 
A122-A123 : adjacent_5p upward 
A124-A125 : adjacent_5p upward 
A125-A126 : adjacent_5p upward 
A130-A131 : adjacent_5p upward 
A131-A132 : adjacent_5p upward 
A135-A136 : adjacent_5p upward 
A140-A141 : adjacent_5p upward 
A141-A142 : adjacent_5p upward 
A142-A143 : adjacent_5p upward 
A144-A145 : adjacent_5p upward 
A145-A146 : adjacent_5p upward 
A147-A148 : adjacent_5p upward 
A148-A149 : adjacent_5p upward 
A149-A150 : adjacent_5p upward 
A151-A152 : adjacent_5p upward 
A152-A153 : adjacent_5p upward 
A153-A154 : adjacent_5p upward 
A154-A155 : adjacent_5p upward 
A155-A156 : adjacent_5p upward 
A156-A157 : adjacent_5p upward 
A158-A159 : adjacent_5p upward 
A159-A160 : adjacent_5p upward 
Non-Adjacent stackings ------------------------------------------
A1-A7 : inward pairing 
A14-A16 : outward 
A19-A151 : outward 
A29-A142 : outward 
A33-A56 : outward 
A35-A55 : outward 
A64-A78 : outward 
A84-A123 : outward 
A87-A119 : outward 
A89-A91 : upward 
A89-A117 : outward 
A92-A115 : outward 
A94-A113 : outward 
A101-A108 : outward 
Number of stackings = 111
Number of adjacent stackings = 97
Number of non adjacent stackings = 14
Base-pairs ------------------------------------------------------
A1-A7 : G-G Bs/O2P Ss/O2' inward pairing 
A1-A8 : G-A O2'/Ww pairing 
A2-A5 : U-U Ww/O2P pairing 
A2-A6 : U-A Ss/Hw pairing antiparallel trans one_hbond 45 
A3-A12 : A-C Bh/O2' pairing 
A5-A11 : U-A Ww/O2' pairing 
A6-A10 : A-G Ww/Ss Ss/O2' pairing antiparallel cis 55 
A7-A8 : G-A Ss/Ww adjacent_5p pairing antiparallel cis 55 
A15-A151 : U-A Wh/Hw pairing antiparallel trans one_hbond 52 
A16-A153 : A-C Wh/Ws pairing antiparallel trans one_hbond 78 
A17-A152 : A-C Wh/Ww pairing antiparallel cis one_hbond 75 
A18-A151 : A-A Wh/Ww pairing antiparallel cis one_hbond 37 
A20-A150 : C-G Ww/Ww pairing antiparallel cis XIX 
A21-A149 : C-G Ww/Ww pairing antiparallel cis XIX 
A22-A148 : U-A Ww/Ww pairing antiparallel cis XX 
A24-A146 : G-C Ww/Ww pairing antiparallel cis XIX 
A25-A145 : G-U Ww/Ws pairing antiparallel cis XXVIII 
A27-A143 : G-C Ww/Ww pairing antiparallel cis XIX 
A28-A142 : U-A Ww/Ww pairing antiparallel cis XX 
A29-A141 : G-C Ww/Ww pairing antiparallel cis XIX 
A30-A31 : U-U Ww/Hw adjacent_5p pairing parallel cis one_hbond 82 
A30-A140 : U-C Ws/Wh pairing antiparallel cis one_hbond 100 
A31-A140 : U-C Wh/Hw pairing antiparallel cis one_hbond 104 
A32-A56 : U-A Wh/Wh pairing antiparallel cis one_hbond 
A33-A135 : G-A Ss/Wh pairing antiparallel trans one_hbond 63 
A34-A55 : U-A Ww/Ww pairing antiparallel cis XX 
A35-A54 : A-U Ww/Ww pairing antiparallel cis XX 
A36-A53 : G-C Ww/Ww pairing antiparallel cis XIX 
A37-A52 : C-G Ww/Ww pairing antiparallel cis XIX 
A38-A51 : C-C Wh/Ww pairing antiparallel cis one_hbond 131 
A39-A50 : U-A Ww/Ww pairing antiparallel cis XX 
A40-A49 : U-A Ww/Ww pairing antiparallel cis XX 
A41-A48 : C-G Ww/Ww pairing antiparallel cis XIX 
A43-A47 : C-G Ww/Ww pairing antiparallel cis XIX 
A44-A46 : A-G Bs/Hw pairing antiparallel trans one_hbond 
A44-A47 : A-G Hh/Ss Bh/O2' pairing antiparallel trans XI 
A60-A81 : A-U Ww/Ww pairing antiparallel cis XX 
A61-A80 : U-U Ww/Ws pairing antiparallel cis XVI 
A62-A79 : U-U Ww/Ws pairing antiparallel cis XVI 
A63-A78 : C-A Ww/Ww pairing antiparallel cis 71 
A64-A77 : G-C Ww/Ww pairing antiparallel cis XIX 
A65-A76 : A-U Ww/Ww pairing antiparallel cis XX 
A66-A75 : G-U Ww/Ws pairing antiparallel cis XXVIII 
A67-A74 : A-U Ww/Ww pairing antiparallel cis XX 
A68-A73 : C-G Ww/Ww pairing antiparallel cis XIX 
A69-A72 : A-A Ss/Hh pairing antiparallel trans 41 
A83-A123 : C-G Ww/Ww pairing antiparallel cis XIX 
A84-A122 : A-U Ww/Ww pairing antiparallel cis XX 
A85-A120 : G-C Ww/Ww pairing antiparallel cis XIX 
A86-A119 : C-G Ww/Ww pairing antiparallel cis XIX 
A87-A118 : A-U Ww/Ww pairing antiparallel cis XX 
A88-A117 : U-A Ww/Ww pairing antiparallel cis XX 
A89-A116 : G-C Ww/Ww pairing antiparallel cis XIX 
A90-A111 : A-C Bh/O2P pairing 
A91-A115 : C-A Ww/Wh pairing antiparallel cis one_hbond 75 
A92-A114 : U-C Ww/Ww pairing antiparallel cis XVIII 
A93-A113 : C-G Ww/Ww pairing antiparallel cis XIX 
A94-A112 : A-U Ww/Ww pairing antiparallel cis XX 
A95-A109 : C-G Bh/O2P pairing 
A95-A110 : C-G Bh/O2P pairing 
A96-A112 : C-U Hw/Ss Bh/O2' pairing antiparallel trans one_hbond 97 
A97-A111 : G-C Ww/Ww pairing antiparallel cis XIX 
A98-A110 : C-G Ww/Ww pairing antiparallel cis XIX 
A99-A109 : C-G Ww/Ww pairing antiparallel cis XIX 
A100-A108 : C-G Ww/Ww pairing antiparallel cis XIX 
A101-A107 : G-U Ww/Ws pairing antiparallel cis XXVIII 
A102-A103 : G-A O2'/Ss adjacent_5p pairing 
A102-A106 : G-C Ww/Ww pairing antiparallel cis XIX 
A124-A132 : C-G Ww/Ww pairing antiparallel cis XIX 
A125-A131 : C-G Ww/Ww pairing antiparallel cis XIX 
A126-A130 : C-G Ww/Ww pairing antiparallel cis XIX 
A127-A128 : C-A O2'/Hh adjacent_5p pairing 
A134-A136 : U-A O2'/Hh pairing 
A134-A137 : U-U Ww/O2P pairing 
A157-A159 : U-C O2'/Bh pairing
