Residue conformations -------------------------------------------
A1 : U C3p_endo anti
A2 : C C3p_endo anti
A3 : A C3p_endo anti
A4 : U C2p_endo syn
A5 : A C3p_endo anti
A6 : A C3p_endo anti
A7 : U C3p_endo anti
A8 : G C3p_endo anti
A9 : C C3p_endo anti
A10 : U C3p_endo anti
A11 : C C3p_endo anti
A12 : A C3p_endo anti
A13 : U C3p_endo anti
A14 : A C3p_endo anti
A15 : U C3p_endo anti
A16 : U C3p_endo anti
A17 : G C3p_endo anti
A18 : A C3p_endo anti
A19 : A C3p_endo anti
A20 : C C3p_endo anti
A21 : U C3p_endo anti
A22 : G C3p_endo anti
A23 : G C3p_endo anti
A24 : C C3p_endo anti
A25 : G C3p_endo anti
A26 : G C3p_endo anti
A27 : C C3p_endo anti
A28 : U C3p_endo anti
A29 : A C3p_endo anti
A30 : G C3p_endo anti
A31 : C C3p_endo syn
A32 : U C1p_exo anti
A33 : A C3p_endo anti
A34 : C C3p_endo anti
A35 : U C3p_endo anti
A36 : G C3p_endo anti
A37 : G C3p_endo anti
A38 : C C3p_endo anti
A39 : U C3p_endo anti
A40 : G C3p_endo anti
A41 : G C3p_endo anti
A42 : A C3p_endo anti
A43 : U C3p_endo anti
A44 : G C3p_endo anti
A45 : U C3p_endo anti
A46 : C C3p_endo anti
A47 : C C3p_endo anti
A48 : A C3p_endo anti
A49 : U C3p_endo anti
A50 : C C3p_endo anti
A51 : A C3p_endo anti
A52 : C C3p_endo anti
A53 : U C2p_endo anti
A54 : U C3p_endo anti
A55 : U C3p_endo anti
A56 : A C3p_endo anti
A57 : C C3p_endo anti
A58 : U C3p_endo anti
A59 : G C3p_endo anti
A60 : G C3p_endo anti
A61 : A C3p_endo anti
A62 : A C3p_endo anti
A63 : U C3p_endo anti
A64 : C C3p_endo anti
A65 : U C3p_endo anti
A66 : U C3p_endo anti
A67 : A C3p_endo anti
A68 : A C3p_endo anti
A69 : A C3p_endo anti
A70 : G C3p_endo anti
A71 : U C3p_endo anti
A72 : G C3p_endo anti
A73 : G C3p_endo anti
A74 : G C3p_endo anti
A75 : C C3p_endo anti
A76 : G C3p_endo anti
A77 : G C3p_endo anti
A78 : U C3p_endo anti
A79 : U C3p_endo anti
A80 : A C3p_endo anti
A81 : C C3p_endo anti
A82 : C C3p_endo anti
A83 : C C3p_endo anti
A84 : C C3p_endo anti
A85 : G C3p_endo anti
A86 : G C3p_endo anti
A87 : A C3p_endo anti
A88 : U C3p_endo anti
A89 : U C3p_endo anti
A90 : A C3p_endo anti
A91 : C C3p_endo anti
A92 : C C3p_endo anti
A93 : C C3p_endo anti
A94 : C C3p_endo anti
A95 : U C3p_endo anti
A96 : G C3p_endo anti
A97 : U C3p_endo anti
A98 : A C3p_endo anti
A99 : G C3p_endo anti
A100 : C C2p_endo anti
A101 : C C2p_endo syn
A102 : U C3p_endo anti
A103 : A C3p_endo anti
A104 : C C3p_endo anti
A105 : A C3p_endo anti
A106 : U C3p_endo anti
A107 : C C3p_endo anti
A108 : A C3p_endo anti
A109 : U C3p_endo anti
A110 : G C3p_endo anti
A111 : G C3p_endo anti
A112 : U C3p_endo anti
A113 : G C3p_endo anti
A114 : A C3p_endo anti
A115 : U C3p_endo anti
A116 : C C3p_endo anti
A117 : G C3p_endo anti
A118 : C C3p_endo anti
A119 : G C3p_endo anti
A120 : G C3p_endo anti
A121 : A C3p_endo anti
A122 : U C3p_endo anti
A123 : U C3p_endo anti
A124 : U C3p_endo anti
A125 : A C2p_exo anti
A126 : A C3p_endo anti
A127 : A C3p_endo anti
A128 : U C3p_endo anti
A129 : A C3p_endo anti
A130 : U C3p_endo anti
A131 : C C3p_endo anti
A132 : A C3p_endo anti
A133 : C C3p_endo anti
A134 : U C3p_endo anti
A135 : A C3p_endo anti
A136 : C C3p_endo anti
A137 : A C3p_endo anti
A138 : C C3p_endo anti
A139 : G C3p_endo anti
A140 : G C3p_endo anti
A141 : A C3p_endo anti
A142 : G C3p_endo anti
A143 : G C3p_endo anti
A144 : G C3p_endo anti
A145 : A C3p_endo anti
A146 : A C3p_endo anti
A147 : U C3p_endo anti
A148 : A C3p_endo anti
A149 : U C3p_endo anti
A150 : G C3p_endo anti
A151 : G C3p_endo anti
A152 : U C3p_endo anti
A153 : C C3p_endo anti
A154 : A C3p_endo anti
A155 : C C3p_endo anti
A156 : A C3p_endo anti
A157 : G C2p_exo anti
A158 : A C3p_endo anti
A159 : A C3p_endo anti
A160 : C C3p_endo anti
Adjacent stackings ----------------------------------------------
A1-A2 : adjacent_5p upward 
A2-A3 : adjacent_5p upward 
A5-A6 : adjacent_5p upward 
A6-A7 : adjacent_5p upward 
A7-A8 : adjacent_5p upward 
A11-A12 : adjacent_5p upward 
A12-A13 : adjacent_5p upward 
A13-A14 : adjacent_5p upward 
A14-A15 : adjacent_5p upward 
A15-A16 : adjacent_5p upward 
A16-A17 : adjacent_5p upward 
A18-A19 : adjacent_5p upward 
A20-A21 : adjacent_5p upward 
A23-A24 : adjacent_5p upward 
A25-A26 : adjacent_5p upward 
A26-A27 : adjacent_5p upward 
A27-A28 : adjacent_5p upward 
A29-A30 : adjacent_5p upward 
A34-A35 : adjacent_5p upward 
A36-A37 : adjacent_5p upward 
A37-A38 : adjacent_5p upward 
A38-A39 : adjacent_5p upward 
A39-A40 : adjacent_5p upward 
A41-A42 : adjacent_5p upward 
A42-A43 : adjacent_5p upward 
A45-A46 : adjacent_5p upward 
A46-A47 : adjacent_5p upward 
A47-A48 : adjacent_5p upward 
A48-A49 : adjacent_5p upward 
A49-A50 : adjacent_5p upward 
A50-A51 : adjacent_5p upward 
A51-A52 : adjacent_5p upward 
A55-A56 : adjacent_5p upward 
A56-A57 : adjacent_5p upward 
A57-A58 : adjacent_5p upward 
A58-A59 : adjacent_5p upward 
A59-A60 : adjacent_5p upward 
A60-A61 : adjacent_5p upward 
A61-A62 : adjacent_5p upward 
A62-A63 : adjacent_5p upward 
A63-A64 : adjacent_5p upward 
A64-A65 : adjacent_5p upward 
A66-A67 : adjacent_5p upward 
A67-A68 : adjacent_5p upward 
A69-A70 : adjacent_5p upward 
A70-A71 : adjacent_5p upward 
A71-A72 : adjacent_5p upward 
A72-A73 : adjacent_5p upward 
A73-A74 : adjacent_5p upward 
A74-A75 : adjacent_5p upward 
A76-A77 : adjacent_5p upward 
A77-A78 : adjacent_5p upward 
A79-A80 : adjacent_5p upward 
A80-A81 : adjacent_5p upward 
A82-A83 : adjacent_5p upward 
A83-A84 : adjacent_5p upward 
A84-A85 : adjacent_5p upward 
A86-A87 : adjacent_5p upward 
A87-A88 : adjacent_5p upward 
A88-A89 : adjacent_5p upward 
A90-A91 : adjacent_5p upward 
A91-A92 : adjacent_5p upward 
A92-A93 : adjacent_5p upward 
A93-A94 : adjacent_5p upward 
A95-A96 : adjacent_5p upward 
A96-A97 : adjacent_5p upward 
A97-A98 : adjacent_5p upward 
A98-A99 : adjacent_5p upward 
A102-A103 : adjacent_5p upward 
A103-A104 : adjacent_5p upward 
A104-A105 : adjacent_5p upward 
A105-A106 : adjacent_5p upward 
A109-A110 : adjacent_5p upward 
A110-A111 : adjacent_5p upward 
A111-A112 : adjacent_5p upward 
A113-A114 : adjacent_5p upward 
A114-A115 : adjacent_5p upward 
A115-A116 : adjacent_5p upward 
A117-A118 : adjacent_5p upward 
A118-A119 : adjacent_5p upward 
A119-A120 : adjacent_5p upward 
A120-A121 : adjacent_5p upward 
A121-A122 : adjacent_5p upward 
A123-A124 : adjacent_5p upward 
A124-A125 : adjacent_5p upward 
A125-A126 : adjacent_5p upward 
A126-A127 : adjacent_5p upward 
A127-A128 : adjacent_5p upward 
A129-A130 : adjacent_5p upward 
A130-A131 : adjacent_5p upward 
A131-A132 : adjacent_5p upward 
A132-A133 : adjacent_5p upward 
A133-A134 : adjacent_5p upward 
A134-A135 : adjacent_5p upward 
A135-A136 : adjacent_5p upward 
A137-A138 : adjacent_5p upward 
A139-A140 : adjacent_5p upward 
A140-A141 : adjacent_5p upward 
A141-A142 : adjacent_5p upward 
A142-A143 : adjacent_5p upward 
A145-A146 : adjacent_5p upward 
A146-A147 : adjacent_5p upward 
A147-A148 : adjacent_5p upward 
A148-A149 : adjacent_5p upward 
A149-A150 : adjacent_5p upward 
A150-A151 : adjacent_5p upward 
A153-A154 : adjacent_5p upward 
A154-A155 : adjacent_5p upward 
A155-A156 : adjacent_5p upward 
A157-A158 : adjacent_5p upward 
A159-A160 : adjacent_5p upward 
Non-Adjacent stackings ------------------------------------------
A3-A157 : outward 
A8-A154 : outward 
A12-A150 : outward 
A14-A148 : outward 
A17-A143 : inward pairing 
A18-A144 : outward 
A22-A66 : upward 
A22-A139 : outward 
A25-A40 : outward 
A29-A36 : outward 
A48-A59 : outward 
A67-A137 : outward 
A72-A132 : outward 
A85-A119 : outward 
A86-A117 : outward 
A90-A113 : outward 
A95-A108 : outward 
A96-A105 : outward 
A98-A103 : outward 
Number of stackings = 130
Number of adjacent stackings = 111
Number of non adjacent stackings = 19
Base-pairs ------------------------------------------------------
A1-A158 : U-A Ww/Ww pairing antiparallel cis XX 
A1-A159 : U-A Ss/Hw pairing antiparallel trans one_hbond 45 
A2-A157 : C-G Ww/Ww pairing antiparallel cis XIX 
A3-A156 : A-A Ww/Wh pairing antiparallel cis one_hbond 37 
A4-A156 : U-A Ww/Ww pairing antiparallel cis XX 
A5-A156 : A-A Hh/Ss pairing antiparallel trans 41 
A6-A155 : A-C Wh/Ww pairing antiparallel cis one_hbond 75 
A7-A154 : U-A Ww/Ww pairing antiparallel cis XX 
A8-A153 : G-C Ww/Ww pairing antiparallel cis XIX 
A10-A151 : U-G Ws/Ww pairing antiparallel cis XXVIII 
A11-A150 : C-G Ww/Ww pairing antiparallel cis XIX 
A12-A149 : A-U Ww/Ww pairing antiparallel cis XX 
A13-A148 : U-A Ww/Ww pairing antiparallel cis XX 
A14-A147 : A-U Ww/Ww pairing antiparallel cis XX 
A15-A146 : U-A Ww/Ww pairing antiparallel cis XX 
A16-A145 : U-A Ww/Ww pairing antiparallel cis XX 
A17-A143 : G-G Bs/O2' inward pairing 
A17-A144 : G-G Sw/Hh Ww/O2P Bs/O2P pairing antiparallel trans one_hbond 108 
A18-A143 : A-G O2P/Bs Hh/O2' pairing 
A19-A142 : A-G Hh/Ss Bh/O2' pairing antiparallel trans XI 
A20-A140 : C-G Ww/Ww pairing antiparallel cis XIX 
A21-A139 : U-G Ws/Ww pairing antiparallel cis XXVIII 
A22-A138 : G-C Ww/Ww pairing antiparallel cis XIX 
A23-A41 : G-G Ww/O2' pairing 
A24-A40 : C-G Ww/Ww pairing antiparallel cis XIX 
A25-A39 : G-U Ww/Ws pairing antiparallel cis XXVIII 
A26-A38 : G-C Ww/Ww pairing antiparallel cis XIX 
A27-A37 : C-G Ww/Ww pairing antiparallel cis XIX 
A28-A36 : U-G Ws/Ww pairing antiparallel cis XXVIII 
A29-A35 : A-U Ww/Ww pairing antiparallel cis XX 
A30-A31 : G-C Sw/Ww adjacent_5p pairing antiparallel cis one_hbond 125 
A30-A34 : G-C Ww/Ww pairing antiparallel cis XIX 
A37-A139 : G-G O2P/Bs pairing 
A41-A64 : G-C Ww/Ww pairing antiparallel cis XIX 
A42-A63 : A-U Ww/Ww pairing antiparallel cis XX 
A43-A62 : U-A Ww/Ww pairing antiparallel cis XX 
A45-A61 : U-A Ww/Ww pairing antiparallel cis XX 
A46-A60 : C-G Ww/Ww pairing antiparallel cis XIX 
A47-A59 : C-G Ww/Ww pairing antiparallel cis XIX 
A48-A58 : A-U Ww/Ww pairing antiparallel cis XX 
A49-A57 : U-C Ww/Ww pairing antiparallel cis XVIII 
A50-A56 : C-A Ww/Ww pairing antiparallel cis 71 
A51-A55 : A-U Ww/Ww pairing antiparallel cis XX 
A66-A137 : U-A Ww/Ww pairing antiparallel cis XX 
A67-A136 : A-C Ww/Ww pairing antiparallel cis 71 
A69-A134 : A-U Ww/Ww pairing antiparallel cis XX 
A70-A133 : G-C Ww/Ww pairing antiparallel cis XIX 
A71-A132 : U-A Ww/Ww pairing antiparallel cis XX 
A72-A131 : G-C Ww/Ww pairing antiparallel cis XIX 
A73-A130 : G-U Ww/Ws pairing antiparallel cis XXVIII 
A74-A129 : G-A Ww/Ww pairing antiparallel cis VIII 
A76-A127 : G-A Ww/Ww pairing antiparallel cis VIII 
A77-A126 : G-A Ww/Ww pairing antiparallel cis VIII 
A78-A125 : U-A Ww/Ww pairing antiparallel cis XX 
A80-A123 : A-U Ww/Ww pairing antiparallel cis XX 
A81-A122 : C-U Ww/Ww pairing antiparallel cis XVIII 
A82-A121 : C-A Ww/Ww pairing antiparallel cis 71 
A83-A120 : C-G Ww/Ww pairing antiparallel cis XIX 
A84-A119 : C-G Ww/Ww pairing antiparallel cis XIX 
A85-A118 : G-C Ww/Ww pairing antiparallel cis XIX 
A86-A116 : G-C Ww/Ww pairing antiparallel cis XIX 
A87-A115 : A-U Ww/Ww pairing antiparallel cis XX 
A88-A114 : U-A Ww/Ww pairing antiparallel cis XX 
A89-A113 : U-G Ws/Ww pairing antiparallel cis XXVIII 
A90-A112 : A-U Ww/Ww pairing antiparallel cis XX 
A91-A111 : C-G Ww/Ww pairing antiparallel cis XIX 
A92-A110 : C-G Ww/Ww pairing antiparallel cis XIX 
A93-A109 : C-U Ww/Ww pairing antiparallel cis XVIII 
A94-A108 : C-A O2'/Ww pairing 
A95-A105 : U-A Ww/Ww pairing antiparallel cis XX 
A96-A104 : G-C Ww/Ww pairing antiparallel cis XIX 
A97-A103 : U-A Ww/Ww pairing antiparallel cis XX 
A98-A102 : A-U Ww/Ww pairing antiparallel cis XX 
A99-A100 : G-C Bs/O2' adjacent_5p pairing 
A99-A101 : G-C Ww/Bs Bs/O2P pairing antiparallel cis 127 
A151-A152 : G-U Bs/O2' Ss/O2' adjacent_5p pairing
